2026-08-27 22:22:24.491: [INFO] CurrentProfilePath: C:\Aulas ads\Fase 2\Programação orientada  a objetos\Aula 1\.metadata\.plugins\org.eclipse.swt\EBWebView\Default
2026-08-27 22:22:24.491: [INFO] Profiles total count: 1
2026-08-27 22:22:24.491: [INFO] Profile: name=Perfil 1 path=C:\Aulas ads\Fase 2\Programação orientada  a objetos\Aula 1\.metadata\.plugins\org.eclipse.swt\EBWebView\Default lastActive=null
2026-08-27 22:22:24.491: [INFO] LastUsedProfileDir: C:\Aulas ads\Fase 2\Programação orientada  a objetos\Aula 1\.metadata\.plugins\org.eclipse.swt\EBWebView\Default
2026-08-27 22:22:24.491: [INFO] OnDoneLoading sync enabled: 0
2026-08-27 22:22:24.491: [INFO] BookmarkModelLoaded, ids_reassigned: 0
2026-08-27 22:22:24.491: [INFO] BookmarksLoadDropped droppedNodes=0
2026-08-27 22:22:24.491: [INFO] BookmarksSnapshot Startup total=0 bar=0 other=0 mobile=0 showBar=0 showBarNTP=1
2026-08-27 22:22:33.630: [INFO] BookmarksSnapshot Shutdown total=0 bar=0 other=0 mobile=0 showBar=0 showBarNTP=1
2026-08-27 22:24:36.423: [INFO] CurrentProfilePath: C:\Aulas ads\Fase 2\Programação orientada  a objetos\Aula 1\.metadata\.plugins\org.eclipse.swt\EBWebView\Default
2026-08-27 22:24:36.423: [INFO] Profiles total count: 1
2026-08-27 22:24:36.423: [INFO] Profile: name=Perfil 1 path=C:\Aulas ads\Fase 2\Programação orientada  a objetos\Aula 1\.metadata\.plugins\org.eclipse.swt\EBWebView\Default lastActive=2026-08-27T22:22:24.967Z
2026-08-27 22:24:36.423: [INFO] LastUsedProfileDir: C:\Aulas ads\Fase 2\Programação orientada  a objetos\Aula 1\.metadata\.plugins\org.eclipse.swt\EBWebView\Default
2026-08-27 22:24:36.423: [INFO] MostRecentlyActiveProfile: name=Perfil 1 path=C:\Aulas ads\Fase 2\Programação orientada  a objetos\Aula 1\.metadata\.plugins\org.eclipse.swt\EBWebView\Default lastActive=2026-08-27T22:22:24.967Z
2026-08-27 22:24:36.423: [INFO] OnDoneLoading sync enabled: 0
2026-08-27 22:24:36.423: [INFO] BookmarkModelLoaded, ids_reassigned: 0
2026-08-27 22:24:36.423: [INFO] BookmarksLoadDropped droppedNodes=0
2026-08-27 22:24:36.423: [INFO] BookmarksSnapshot Startup total=0 bar=0 other=0 mobile=0 showBar=0 showBarNTP=1
2026-08-27 22:24:36.505: [INFO] BookmarksSnapshot Shutdown total=0 bar=0 other=0 mobile=0 showBar=0 showBarNTP=1
2026-08-27 22:26:11.667: [INFO] CurrentProfilePath: C:\Aulas ads\Fase 2\Programação orientada  a objetos\Aula 1\.metadata\.plugins\org.eclipse.swt\EBWebView\Default
2026-08-27 22:26:11.667: [INFO] Profiles total count: 1
2026-08-27 22:26:11.668: [INFO] Profile: name=Perfil 1 path=C:\Aulas ads\Fase 2\Programação orientada  a objetos\Aula 1\.metadata\.plugins\org.eclipse.swt\EBWebView\Default lastActive=2026-08-27T22:22:24.967Z
2026-08-27 22:26:11.668: [INFO] LastUsedProfileDir: C:\Aulas ads\Fase 2\Programação orientada  a objetos\Aula 1\.metadata\.plugins\org.eclipse.swt\EBWebView\Default
2026-08-27 22:26:11.668: [INFO] MostRecentlyActiveProfile: name=Perfil 1 path=C:\Aulas ads\Fase 2\Programação orientada  a objetos\Aula 1\.metadata\.plugins\org.eclipse.swt\EBWebView\Default lastActive=2026-08-27T22:22:24.967Z
2026-08-27 22:26:11.668: [INFO] OnDoneLoading sync enabled: 0
2026-08-27 22:26:11.668: [INFO] BookmarkModelLoaded, ids_reassigned: 0
2026-08-27 22:26:11.668: [INFO] BookmarksLoadDropped droppedNodes=0
2026-08-27 22:26:11.668: [INFO] BookmarksSnapshot Startup total=0 bar=0 other=0 mobile=0 showBar=0 showBarNTP=1
2026-08-27 22:26:21.567: [INFO] BookmarksSnapshot Shutdown total=0 bar=0 other=0 mobile=0 showBar=0 showBarNTP=1
2026-08-27 22:26:38.711: [INFO] CurrentProfilePath: C:\Aulas ads\Fase 2\Programação orientada  a objetos\Aula 1\.metadata\.plugins\org.eclipse.swt\EBWebView\Default
2026-08-27 22:26:38.711: [INFO] Profiles total count: 1
2026-08-27 22:26:38.711: [INFO] Profile: name=Perfil 1 path=C:\Aulas ads\Fase 2\Programação orientada  a objetos\Aula 1\.metadata\.plugins\org.eclipse.swt\EBWebView\Default lastActive=2026-08-27T22:22:24.967Z
2026-08-27 22:26:38.711: [INFO] LastUsedProfileDir: C:\Aulas ads\Fase 2\Programação orientada  a objetos\Aula 1\.metadata\.plugins\org.eclipse.swt\EBWebView\Default
2026-08-27 22:26:38.711: [INFO] MostRecentlyActiveProfile: name=Perfil 1 path=C:\Aulas ads\Fase 2\Programação orientada  a objetos\Aula 1\.metadata\.plugins\org.eclipse.swt\EBWebView\Default lastActive=2026-08-27T22:22:24.967Z
2026-08-27 22:26:38.711: [INFO] OnDoneLoading sync enabled: 0
2026-08-27 22:26:38.711: [INFO] BookmarkModelLoaded, ids_reassigned: 0
2026-08-27 22:26:38.711: [INFO] BookmarksLoadDropped droppedNodes=0
2026-08-27 22:26:38.711: [INFO] BookmarksSnapshot Startup total=0 bar=0 other=0 mobile=0 showBar=0 showBarNTP=1
2026-08-27 22:26:40.882: [INFO] BookmarksSnapshot Shutdown total=0 bar=0 other=0 mobile=0 showBar=0 showBarNTP=1
2026-08-27 22:28:06.526: [INFO] CurrentProfilePath: C:\Aulas ads\Fase 2\Programação orientada  a objetos\Aula 1\.metadata\.plugins\org.eclipse.swt\EBWebView\Default
2026-08-27 22:28:06.526: [INFO] Profiles total count: 1
2026-08-27 22:28:06.527: [INFO] Profile: name=Perfil 1 path=C:\Aulas ads\Fase 2\Programação orientada  a objetos\Aula 1\.metadata\.plugins\org.eclipse.swt\EBWebView\Default lastActive=2026-08-27T22:22:24.967Z
2026-08-27 22:28:06.527: [INFO] LastUsedProfileDir: C:\Aulas ads\Fase 2\Programação orientada  a objetos\Aula 1\.metadata\.plugins\org.eclipse.swt\EBWebView\Default
2026-08-27 22:28:06.527: [INFO] MostRecentlyActiveProfile: name=Perfil 1 path=C:\Aulas ads\Fase 2\Programação orientada  a objetos\Aula 1\.metadata\.plugins\org.eclipse.swt\EBWebView\Default lastActive=2026-08-27T22:22:24.967Z
2026-08-27 22:28:06.527: [INFO] OnDoneLoading sync enabled: 0
2026-08-27 22:28:06.527: [INFO] BookmarkModelLoaded, ids_reassigned: 0
2026-08-27 22:28:06.527: [INFO] BookmarksLoadDropped droppedNodes=0
2026-08-27 22:28:06.527: [INFO] BookmarksSnapshot Startup total=0 bar=0 other=0 mobile=0 showBar=0 showBarNTP=1
2026-08-27 22:28:21.668: [INFO] BookmarksSnapshot Shutdown total=0 bar=0 other=0 mobile=0 showBar=0 showBarNTP=1
